<!DOCTYPE html>
<html>
  <head>
    <title>Welcome Inliner</title>
    <link rel="icon" href="favicon.ico">
    <style>html,body{height:100%}</style>
    <style>/*

   CLEARFIX

*/

/* Nicolas Gallaghers Clearfix solution
   Ref: http://nicolasgallagher.com/micro-clearfix-hack/ */

.cf:before,
.cf:after { content: " "; display: table; }
.cf:after { clear: both; }
.cf {       *zoom: 1; }

</style>
    <style>.foo {
  color: red;
}</style>
    <style>.bar {
  background: green;
}</style>
    <style>
    .qux {
      font-size: 16px;
    }
    </style>
    <!-- comment -->
    <script src="scripts/foo.js"></script>
    <script src="/scripts/bar.js"></script>
    <script src="//cdn.jsdelivr.net/dush/1.3.0/dush.standalone.min.js"></script>
  </head>
  <body>
    <h1>Welcome Example</h1>
    <img src="data:image/png;base64,iVBORw0KGgoAAAANSUhEUgAAALoAAAA3CAMAAACM/qDFAAADAFBMVEX////19fXKy8oyMzCzs7LW1tUwMTDg4OB9fXxcXVtJSUe/v76Zmpnr6+ump6YxMjBtbmyMjIsvMTAwMjAvMDAuLzAsLi8tLy8uLy8zMzAxMzAtMDBDRD4uMC8tLjBfX1Vsa2D+/v40NTM6OzhHR0LQ0Mjl5N87PDn///44OTUrLC/a2tUvLzBJSkQvMS+Yl4kzNDLi4txIR0FPT0hNTUj8/PtAQT4rLS9gYFk5Ojb9/fw0NTUqLC9qaF1RUUlgX1JxcWY8PTtjY1rv7uxCQjxSUkzz8/HS0s3OzslQUUv29fOJiHpYV1Dt7ObV1dGKiHx2dGjq6uWAgHPZ2dLx8e7DwrSXlovMy8O1sqDV1M10dGQvMC8yMjDz8urt7OjSz7nZ189ZWVH49/T29e84ODe5t6g2NzXNzMb5+ferqp6PjHbDw7r19fJAQTxGR0F4d2xmZlxUVUzf399WV1Xg4eDr6ufGxb6dnJDHxbMvMjD4+PaEhHYoKy7d3NbS0ci4t6uop5yUkXzn5dr8+/jl5eGTkXxcXFHQ0Mn08+4wMTH9/PqAgHeXlo2/v7i8u7TX19K1s6fo5+KxsKbExL3d3dd9fG2DgXFzcmSKiX/49/a7uKQ/Pzvj4tzBwbo1NzRlZFmrqqCtq5XS0MdlZFeCgnf19PBpaV99fXOsq6LIx7/Q0MxLS0etq5zs7Oqxr6NraluHhXBcXFQxMTBxcWR3dmfp5tZaWEzFw7nn5t9WVU7k4tV7enLMysDf3c/Oy7js6+XY1sivrZru7ONkZFZFRUGgn5Dm5d6SkIDFwqzb29O7uq3h39FVVE3X1MP4+PMxMzHJx7aGhXlJSkInKS8rLS7+/f1GR0Dw7+37+/olJy7QzsS/vrB0dGuRjnPd3t5PUFClo5Hj4+L39/ZTVFNQUVDY1cDe28jt692+vKlGRkP29vTu7eaNi38xMzKHhnT39vJkZF9YWU61tKjS0MO6uKmwrZG2s5z6+vlpaFqTkoPb2dA+PzkuLzK5uK2QkIS/u6LmD2JIAAAGzUlEQVR4Xu2ZA5DsShuG04g1XBvHtm3btq1r27Zt27Zt27/93zQyyeRkMTXn1Nm9NV/Vzvbm7d56+svbX3cmAsoyWqN9FQISsotWwj6KHHpGkUPPoefQc+hDP96ybduWzz73CeuuP/nUmw+56KA+TRu9+6effLF165e/rkwJCw6tuGF9y+oLSjZvfH7VnkPHGDcEaWKsZ4K+Jl9CSBq21hXW3rZiP1uSpJjz03LjQWHoJlaUKDYzTB5q0LIiQkom6IdR9Ld3MKHyT8vm2sgNO2/xot3RZY2pMhEgNpsI+kslScbF+dsM+WY3dBUhVVF4gjQkNg30X/r3pNzELXFCL73x0fEBdNMhJ79otjFCWGTwEGOsA9qURVmQ+V/cwyDC0YGOMYacVTQFnfqbdIcgG/Rd1XGHd17Z6CkTB9UkbSQV1OwcE0CXCToPBdEgRCptaTK7rGIiREDKYBGCzkZ7CkKWwXB1ctHIBn1sBxsh277zX4Kw/44heQUrBs0UwgwTNTm6044oNFVYM7DiKO6MVPKBeX9NIfh8iIVVrjgCorgmG5AF+nlXk6Tnd32BSocP7LZ6WkiFgTRDzAwYuV7naUQcXaGawvKsAfLJDeMzNUk/FIDbFWeBflOvIocqr/8Spj16cPiWJKrcGn50QYYYe+iYA1Igg13jo3VseOhsdBQh4vgs0If2sgn6wB8aOgjoxATAjy5Tr3vooh8de+g6r6yKd5P4gOzQ370jNg+hRO/H6kfnq1L00NkCEMUG0JmpsYj3PLrwTIKkPTbsqQV1ozOTW+no3Mph6Dpbu6zCMGgxiG7Q6WVVHF9tSdBRQafyQ7fXhS5qFhShxnZTTLhkk2YTCDgEnUqQSmweEQFEA+jksiqDrIrjy/9og0hIsd7DOy7qHo6OWBhutaGczOpqCLpgUEljhmFtLYDOhmvZoAtfrU8WUghbipe8VlsZgm5GKQlmgkXaMlummg7D0IFCJN1bpqpsBdDpcFU2skFv9f++sSJEo0iKlfzYuTJsmcqi6SuVMr8o132aFX0CH+tFcHjm6Jxw+ZNJyUYsYskX7+nedB81PHQeB09qWZqCz1v2bJ/mgy7s/99JPRIFDL7wzfUPNw90HseedEDXZD6Df6P88YzQQeZwIGt0f/SZ3fG34+YS9Ll5s0LQIYRyOAaywglkCMVwxUIwS/RgTD23U4xUyTZnXxVEtzR65s4AHSjeaR7udXRhXceLiWd6XtE5gG6gKAQmxhmgRxE2AaQjZAT2EPpRpXEHvct1ruA7NY4/uh1ytG4j09ExMtK9I3tNkEJPd5QW8c0CeOyAo3NLNQr9wcOZ8PcDyDcA8Q1nMGHozv73p6Aq5xQ76Ld/NyodPYJMjwkT70SBuyNqGFlu2z9DNYVOBKdPVKO0CDN0fl5Q5QbRW/yvx89HUGF+RR7JbPuVRFj1Qa+qnnPGpwoNzXpiwOw0dOA3OUSGCaBGIVVNBHKEogNNMQFG2GcKw+TDLZp1SEULyS66hXRntNoA+pjl972S6Ps3Kiwclk+2zfJ7BeGt9z+sLrbt/HPO5F66bAXxer9bnk5DF/1uVlSWMNmF0amKkexLNc9pFPJZADpRhX9wdC1Kx+n1oj83qKrULpSq/zl1cou/3E32nqLis5w984g177UrRChe0O3EY7a/M3nmlZQ8fuBRSwLohhC4AxDpLoFM0Z3cO6H6F6RsaMhw0fnsRIRddIgUZ0QUWfWi/7lLv0LCVPzv10t+KkWk2fd8Inw9gB1594v1bj+6S2u2oea13iWEGCaAbrnogKNHaKQxAIM7A7g2NzTgoat0BK7fMH/9T4KdDeN8ty8bOJ8K3w7ORyxsm0g06bcuFQLLVAOByqEjmJ51heAFg2sW1xQVqFFeHH02rB996ZR+jJ1H3uCFXFndIz+O/CEd+MRdTAovjgqdhoFMgd99zLweUqpZDw9dR7wX97rSqLo++YGqDu7h0I4lB89KKdPLEwkpXsQlSYpVPLT7oVdBig4hhpQmKpp8LhFNBzqvMKpGeuheMccQ6ux2YaQDkxVMVeDoLCEQQqPB4jjixnFSoixZXNou2aFqyHSfcuGMcZ1iZUmpIJFMSvbwGY+EPWpYtDhTW0JSzA3BexpS6Y03Fd+TFDW/E4pMuzltixdMH7qAyT+NNGJLanvpNZd0rdkwYNPYQ44MKKdPrFjcvqZm86YTrp1Q16sBE8qAC7JIhGBTAOnnMyBCEHggwoj3cAUZgsYdBKZ1HllbO6HFut07f39a21GX157SYsTefSETUZrnazARWgg2T/QIWQnNE10Af+z3pjl0obmg59Bz6M02fgfJLRG7yS+UAwAAAABJRU5ErkJggg==">
    <h2>markup/lorem.html</h2>
<p>Lorem ipsum dolor sit amet, consectetur adipisicing elit, sed do eiusmod
tempor incididunt ut labore et dolore magna aliqua. Ut enim ad minim veniam,
quis nostrud exercitation ullamco laboris nisi ut aliquip ex ea commodo
consequat. Duis aute irure dolor in reprehenderit in voluptate velit esse
cillum dolore eu fugiat nulla pariatur. Excepteur sint occaecat cupidatat non
proident, sunt in culpa qui officia deserunt mollit anim id est laborum.</p>
    <img src="data:image/png;base64,iVBORw0KGgoAAAANSUhEUgAAA+gAAAFACAMAAAAYraZ8AAAAYFBMVEUAAADPz6/V0LD/X1XV0bHXz6/W0bH/X1PV0bH9X1X/X1fW0bH/X1X9XlT/X1T9XlX9XlX9XlT/X1bX0rLW0LDUz6/V0bH9XlXXz6/W0bHV0LD9XlX9XlX/X0/W0bH+X1Xtame1AAAAHnRSTlMAEJ9ggEDvQL+AIM8w33CPv69QWa8w388gcI/vnxDD6w+WAAASUElEQVR4XuzTOwqAQAxAwYUUIV06C128/y391LYiyDyYI7whAAAAAAAAAAAAAAAAAAAAAAAAAAAAAAAAAAAAAAAAAAAAAAAAAAAAAAAAAAAAAAAAAAAAAAAAAAAAAAAAAAAAAAAAAAAAAACA18w8i7rLqzkEv5FR3ev+1NJbheP5xsHeGTZXiiph2AknMTKAYjJDMsC8//9f3tlbW7W1mwpiK+TQ8nzHOlo80u150XGcprAsC/5BL8syTWJUBw9s/ntgvyzLPJlRnbt4/n0GHh/OwYzjUA1lrMY2fpkF7QKo0UzzXyd69hVVo/jvgfHXgU+/fuPfZ6DxYVZM5aqejlo8kuh5oLF54GU4BeuwibNDcaSwHjvwy7RToUVvHXGgMW8eWA1nMC3YRC9yOJ/OiC2oPmKT4QwUslBDUaJxoJCQveIV3fbvnFXdIwczfKDTRZ+QxVz0IlrQ8dbIa4i+Igs3fKDTRXfIQg/FEBpHcbO6gOgz8vjQqHe66BKZyCqa09Gz4i66Rh5iYMrb4x/eht38+Gvct2uLbgB8Yec3apyHnlmLrpCJZWb37dfz89Pvf/Hz+fn2nnb3x8tf437/m+/Pr7eXxyuK7oCv6/ykxbmwFn0GLli7P/7+nOfEuBthHGPRI/B1tbvwOBfNWnSNXNaBD+8JYV8T435xFJ2OAPBFnV8MOJuFs+gS2YSBC+mV+ZYY90wYx1h0C3xR56ccTod1j26Qje+id9ETlXvNzk95nI/hLLoDrli7vyaEfU+M+9lFT1Tu1Wp3gRKMjEWXhNKGAcmVOfX4/DdhHF/RA3YQ7t1zRMaiG/JTyS56F91jB/7ePdecAzMWe1ADD9LC/khkawjj+Iq+Yhdrlf6cjmUsesQu5kuInhj2SBjHV/QAfEHtLj3KYBiLLrAL10Xvoicq9yqdn0MhFGPRLfYhLxCM+5kY95IY93Q10RXBpOPMKIQfGIt+YnXTE7BXE30G6nd+I0phGYu+Ates3V+Oi95F10D12j1qlEIwFj1gL5F/MO6BmLN5vZjoCkD1zm9CMSRj0f3pt72egOUvOt05UzzfRccNfEVfKY0MC34dFr2L7sgy0QkohmEs+oz9RPbBuJfEuCfCOKaiSxCQd7ugQzIWXSMJPd7UE7D8RTcgIO52QXcDX9EVCISBA9+76ED93ApsvQXdhWkd4z+D5TiKaV5conLnKvoMAp59MO4bMRj3dinRI0jEOo//rIjDZ8h1sj7xw/iJroEytXtPwPIXXYCEqDFhgxy2kCL4RKHKSnQJEvPQPm9HRe+iW5AI5VvNReZe+9knTOIjugEJzTwB+52Ys/l+KdEjaPjireY07GC1iUnNRXRXYJNPj7pfRHQBoHbnp0v0BtJoAIKx6BJE5h5176IHoHbtLktNzjH4yFh0c2pWsCdgf11KdA/U7vxEybnJWHRbKkPUo+78RV9BRpUsIlQXnfA0he+m9AeisN+76AnpCnd+jtIXdNHFuWnBnoB9uZLoHmQ03TOCD110Wyr/36Pu/EVXSOB0kdmjSP1/Fx0pLPNN6U+0lzZ/66JnhKfnUKTzGymVexd9RYJFELYm9ATsdUTXSDCuRTq/ifLwqIsekMBEpIlXFr2LrtLZt1ik85tA0KGL7tPZN8e6dv9BfGnzSxd927kwDEuJhTd00QmsG5mGuf1N6Y+f856KrCfGPVDGMRTdIYHYXHxtIRsQu+i7nqaEzfnnm12168NPdLllmyoh5ELwrIuut/YdIM3a6r6V+vxgJ7rZDFn4Ap1fF52A2qyAbOu1+/u9iP7ITnS3uUvUFqjdl96jn1y5LxlbXnSrcfb63LiJHrfT5uLkzq+LXqJyNzl7AlUD4bcidNHFtsOyQOe39P/RdyMzHNbnbE3ooj9zE91m9HT6/M5v6cm43ZiMqjw0XrsX0raLHnMSFjOS+DKi+y76jqcpIW/HseyiZ8JMdIEUMW/2qCKiQ3TR8yv3NW+/urmm6F30gAQuU4q5jOiui55duSNzn7+7Zl6mi+6RYMrUUhd6B6zpouc+TbG5mwjkFfMyXfQ1ryQ3p9fuEzLwsoue+TTF5E5BcUXRu+ghLxqtTl96DXJwsYue9zRF5r4uyF5R9C66zwxM+rM7vxH7TO+i28zmySJNvJ7oXXSVG4QJZ3d+Enk4xVJ0ArlBGNFy7f5WxNku+px77xen1+4eeXjTRd9+mrLm30JDD8xcT3Sd+1Ml0liSDvmfWeyih+yfqk/IIXXRv3MSXeWv0u7szm9CPkF20X32fXZGmpWj6D0CS5dN7Zk9ouzXYcJ4cdHX/M5pPaF275taXjmJ7vJTMOvptTv24US8suhzfgomIo2+mOh9m6pEirDLC1/+myN+ltcVXe9Qd0Eada0XT3TRDVKs+7xca3xFbBHxmqIrpJj3pQ7na4neXyXl9gQrzNmdX/Qg4MN4RdHnPTdZhTT6UomZ/nLIuOuHqtNr9wAa2sjLia53XXpfbWNLf91zfU4OT5vMuUbv/CTI2LWA6MWhiy73hRhsw5vSb5/xkOyob2ePYyS63edtOL3zW0DHz/JCopt9oVbB8UvpN2K65T0x7ueQgIvocWcfJ5BG175aTsSriO6QQu6ulSQz0Z/p4/iLLnamKiI2UMQunY4P8hKiy73rs2ugdu+iEznXsrXG7JEeR1nEBUQ3e3ummRhvajVK8ysx7jUx7uEKovu92fX5/M7P4DjaRO6i271HW7FB5CX6jTyOv+jr7lv+WKDzW3ACfpKsRY9I4SknJ64iehc97C/D/fmdX/Q4hSAZiy72l+ELv9r9d4KXxLin5Dj+ovv9i7MtMHsUTiJItqJbpBCUnsjzEv2ROo6/6IoQkjQlOj+BAqrzEh1JJOn+uV5D9C76TAi/SELnV9N0zJGj6Csl/OJJWxNaDcF/I2Zq3/iLrin3e02o3aua7leGogdKIDEgjWclOnkce9EV6Vih1vff6NjITnRPOZbABuoKonfRJ9LKvBbq/JTHafiRmegraWWO2GBmFIz7SY268xfdkTJuEYU6v+hwHhMv0WfaFXeErQk9ActNdElMvrhind+E8wisRNe05MuMDRR/0bvoBik0XcdxoKIcTmOJfERXSBLJU9HwCcY9UKPu7EV3xPZNlez8jMdZuMhG9BkpHP383NATsNxFj+QwhS/Z+cUJZ7GwEV1Tn0dYbCC5i95FF+Qj2bKdnww4icBEdEm+3AYbmMtH3d+5i27JsRdBfORdX3XDQ3RDjr0obGB7Apa56JEeZJXlOz85eZyBYiG6o9ctGhtE3qJ30cWB3k1X6Pyi0DiOjgxElwc2FwRsILgE496IUfcfzEUPB9bkuU7nNwYcZmYgujmwJq/YwPYELG/R/QE/VsLzbhLROBxEtS+6PdAnRWzgWYveRV+PzMKIep2fmj2OsDQvejwU9nXYYL121P2Juejh0G1+qdr5rfaQUK2LLpBEHYwVh56A5Sy6P9S4GXLnV7+EX1oX3SKFPzobPWPRu+jq2IKs6D+kfgk/Ni76wQXZU+JN/ZPJD2eI7kYa54k+HwxG+q/o/IQFhXBI9JGGO0309WCTZNvalP6rstDplb75zybrg4GX8DWdn5w09hOb/mxyyDs5epulG4iz1+cnC9HV0Xu8+LLOTyzYi2ladH9wKkk0Vbv//H0nsBB9OjoHJXkeH0cF7MO1LPp6OJqkm9rY8vte+MFBdHd4NXZf2fnFnUl42bDo8+HVeG5pU/rb3Yj+yEB0eTwVOdfv/Oj720TDouvDV3nFFrKB8Ft13hmIbo6nXdav7vxGjWxCu6Kr42mXSHmI0UW/MRDdnZBfxRbTUJZokYtuV/QZSdZTfotl+Td6Fz2e0bItX9/5zcglNiu6PuGePBGuTxf9tX3RxRlLsbmDzk8gk7FV0eUZE0kRHmJ00Z/bF90iSZhyCPTOr/6aPrUqukGSZcoCW1iGonfRI+qwDOVZkMXcqugOdWAoehddoBJxKE70yGFpVHSJSqz8RO+iB1RCDOUxyME1KrpBJQI/0fvDOI9K2KECGjk0KrpFJTw70fvfayvAqHYfBGPRI6oxchO9ix4ATp1fZCy6QDVmbqJ30T3AqvNbkMHYpOgW1dDMIrB9U4sCwKrzm/iKjoooXqJ30WeAV+2+shV9RUUmnqLT+da46Brg1fmNbEUPqIhj9eKJ/oYZBYBX5xfZiu5RE8lRdDrfGxd9Arh1flxFX1EVw+nlkP0tsA5oo3bvos+oyjLcBS+3z0i9NvLn7UYa9/zpqMe2RZcA2uj8uugadYnDffNMXH+faamYtkU3AJh1fpKp6AqVEcN98z1f9C66A7h1fiPTZNyMytjhvknG2IjjXpiKHgF2tbtgKrpGbS4o+iNT0QWqE+/hLTO+PdElqrNyEb2LbgF2nZ/j+eIJg+qE4Z55TApLHPfGU/SI+th7eBYX2hPdoTr+eqIPPEUXALvafeL5ckiJ+mDkIXoXPQDcOr/oeb7u2aA+mIc75kbcgfKeytkwFd0D3Dq/iekHHCzqA92s6MRxzzxFXwEw6/yk5/lJpogvQXEQvYseAG61u2P6kUWBL2Ea7pfX1FYz4rhXnqJ7gFnnF7h+NtniS3A96s5AdAXg3jq/NajynkM2Jzq+CNm+6F30GWnCRCEc6vws4EQs/N1kN7Qm+oo0y0SiwNaEejwlhH1IjEvtUn1nKbouElaN2GTeGmxXymXWyMQ0J3pAmrVUiHDpCdjmRVdI44pNabed4PFhp+syIBvZnOgeaWKxcFFsXfQu+oQ0U7lomszK3lshS2gOO7Qm+lpo/owNb0p/I+42fbuc6K7Qf6gKm5jcst/Naxy2iGLBHtbmRJ9LddIeW9iegG1cdFks1+KxhduTvdfBjJ/bPk4LIe7VmOi6VK7FYpPGRe+im2JJ1YBN4t6RfgnTNI7/GK/G0UzWYT+iOdFVsaSqaHdT+ktK2B+EcVxFd8WaM0GWzVfJbzcn+lzsniyxSegJ2KZFj+Uet0rq87ARFRDtie7KLboaW/imRe+ii4LhR0es3ecqC3pzosuCO/znZmv3XwlhnwjjuIpukWYa6s8eh/KM7YluCoZaVmwyXycB+4uf6LHkBsWR1vlFlCcM7YnuSsZUsYnuUfeGRRdFOzPapvQVxfGxPdFl0U3jCzZR7X6+oYseij5rtaTaPdQo3NsTXRRdcQ02mfvnG9oV3RdNPhpSDa1RmnloUHRb9J6ssInrUfdmRV/L7mWQlM4vojTL0KDosXCiRWMT2aroXfRQ+CausYmq3qK72KLoovD+soBNTP98Q6ui+8LvCguEMnpGWbwaWhTdFt4xLrCJ61H3RkVXpR+0roTafSnueZOi+8LLbcQ2sU3Ru+hz6dhjJLz+objnTYq+Fv/zy2ET0T/f0KbouvhGhmV356dKe96m6KF4nGXCJrZH3VsSPd8pUWP2uIpxGSeHRkX3xe/JI7aJLYreRZ/K/5+idtfuE8qxxKFR0ccKW048Nln75xtaFN1VSEj4vZ2fLfq9kVZFnyustRabhB51b1B0WSPzGPZ2fgsKocehXdF1hdcxC2ziGxS9i25qfBZb7O38UIgQh3ZFVzWyLBLt1e5pYWml+9MLM9Fdjdu3xM7avdxy3rDoc5WdZbrJjS0/Hm+3h+c//P3f2PMfft1eHt8yxr3+Gfb974b+r3G3P+O+DQMv0WOdP1Pcvs5vRAG8GYamRXdV9orPOfGmTmuiizrxiHln56eCx7n4KQ5tiy7rPCRbsY0aGqOLbutsVhr3d37CFtC8ZdFNndY5osXaPU0XPdbawkB5sVMUDqfgxJCgFdFdpSDLkhNvaosuuqh177a0zk8eX9d9UMPAQHRZ61unJive1BRd9EBYWUgYcucX16BBIPEd1iZFF7U2iiucsCm9oxaPJJq6iG4eeBk+YPWuIXTk4rHBIj4fLYLDbtw0DodYNJJ46uWZNw/8sQqZXP6QsqcNuKw52hnHaQrLsvxrzizLNIlRHTywmeZlWfy/DzxP5vMDq9H898e4ZQnTNKrypw33//M247aScZzybdd2GuNwAurjFUXyiuYfWEzTxwOHafr8WshR/PfH6GWx07R+GFLgtPX/z3sax/i/duvgBEAYCAJgwIec6HEpINh/l2IK8OdDmXltAbuw7WWwrRm96uGD9Fj+U0Uw+Sljyjvv7dMAAAAAAAAAAAAAAAAAAAAAAAAAAAAAAAAAAAAAAAAAAAAAAAAAAAAAAAAAAAAAAAAAAAAAAAAAAAAAAAAAAAAAAAAAAAAAAAAuHOevFf/1Bm0AAAAASUVORK5CYII=">
    <p>foo bar baz AVA LOGO below</p>
    <img src="data:image/png;base64,iVBORw0KGgoAAAANSUhEUgAAA+gAAAK8CAMAAABLFWWDAAAAYFBMVEVMaXFLS3dKSndKSnZLS3dLS3ZLS3ZPT29KSndHR3dLS3dKSnRMTHVKSndLS3ZKSnfgx8Hfv7/gxsDgx8Hfx7/fx7/fx8HgxsHgxsHgx8HfxsHfxL/fxcLgx8BLS3fgx8FY0cy8AAAAHnRSTlMAgGC/QN+fEO8gzzBQr3CPhRCf7yBAYN+/z3AwUK9l5cYzAAAaSUlEQVR4AezRN0LFMBAFQD/LOd6A+9/SoYUSfgBmJO2WG1QBAAAAAAAAAAAAAAAAAAAAAAAAAAAAAAAAAAAAAAAAAAAAAAAAAAAAAAAAAAAAAAAAAAAAAAAAAAAAAAAAAAAAADwCAAAAAAAAAAAAAAAAAAAAAAAAAAAAAAAAAAAAAAAAAAAAAAAAAAAAAAAAAAAAAAAAAAAAAAAAAAAAAAAAAHPTNEuS5crv11mzJdma21z9GMbmkqS+Ul/9ZTR1yvTxSVnz8o/vm23/2tltKCU52bUPI+d1GAjAYE4KHWz/Xb7g+Se86DtLoJY3+CqAOVoAlBXbKh3UO5fDHyp+CSGcbhvyoLG5PeBv+u62Ij+OKdvZ8d/6GeUh48gJ79TA/Vy2zYWE/xHOTR4QXcB/S3mTH8S0o+OtmjeZbssJX9bdEELNf/FH7L7IRMXvXypKzI9L+RvJNZlo5Ipv6kdZ9HRfah5UKdcvykwSd3xLjjKJ7/hIbkLDB3xXiKKvfbOFhk1WZnwC55NYXMULXdT1f0NooisGfFvyYtaPOdmTKEfFC3/UVVqVI4v5S4+yIhPThSAV5cquqk6e5Ssu6EOUjICPhSarMS3ginqIlrLjDinKc0bARV40lBOXuCJLMQ5XabX3WHGTs6x7ukCW+22VqH3qM6PjhXCoe9ynD3lCCbjDXihXpbPIIoyvuEUocreMW3nRp7aS9KJfF3/7NARhqpE750CW2TwAxqQfCu2TmCkdNzr077b6YaFtVZm2Lnamdd6RuQGLJ73suJVTeG2gcKh0zKi8QWoVGupYc1t62XTrsou65Xx+0gN01LFszlELZ12oQ2iZ0omXYw8tqax7uvv8DmpJt5wrJr1UqOll3dONBO/h1kq6ycxBclCU1+2iSS46oKQ2YWQOqNnlsgRNh2jbocTLJVF1UeJjBhSdcpGHriG6HLQk2hsRgtAxpUPTpj8QmV/IReiJvOd6ChvjoKo2uaJB2ymKSiV9wbBB1yZcTIOyrru56w9G3rlZ5FMlQVctYqgEaHO8SXnpomZjHZsO2nYxTCJeaJf3Cn1Of3HXkWkKs+XdBjoQmK/ommtmhq7EO9CBVMTQiJghXt99VeVVD7fxDnTAiaGxA9Qj3WGKsei2FJlPtRYxJBrmiNyNCEEUbLRDs2IKJ4ZEBnmQAm0nei9B3cn6l6WNdCqlYpKhEBbyke5py06YxIuh4DBLls8Ay470xBr0iFmSGAoJ0zTyoAfSga6QpIBpohgCHvM48qAjLtlEeV/AvgQxBDrmqexBD0s2Ufm+jImaPM5EzOQVgk480hNr0AtmyvI4s2OmxB70QDjQFYLuMFURw/CxDPvEXHXNTLTNqWIqJw8zGXMF9qDn9W5FQX/VsH/Y7GOZCROzrznSA23QEybz8ijjMFvmTIzCmjloK46YrcujTMJ0Rb7thDqFb7MzbdADpvudvTNKshWEoWCBgqBe3f9u5ytvAfmxqddnBYw1lRs6bVSaAcgyeDBTwG0mAHPunJO5U0pZJtLos/622q3oArUaSjPKMvlfzAPcZgImWKSnqTSjLBM56Sihr3UrOlGthq+lK8tEdnpFmkvdijqq1VCaUZaJ/OhTwLLEbC3ysFoNpRllmciEw4S2VBG9WNcgpRllmUhnSrCJzw4AgNeA1UylGWWZPJjZFkPED/PtgfyTVJpRlkmk0LuPY50iWmgAVmlGWSbSAGwrAbiQx71w7EBpRlkmUuEvUJ/LoLjBYwdKM8oykZM+CrxWmWf8gFcgpRllmcgOJwp9FfxRgY2R0oyyTOQHF7QHfeNEZBIrkNKMskxkwt+hrmt0S2d+GKA0oywD7I0fQMsB3JPxIgGs0oyyzL8ccKgwl3i4V6orUppRlsGCmXOVUfpNvfTma6XSjLJMOgPeu7cVOOebOpjSjLIMF8xMXJcJmA/c1IMpzSjLRBq8Den8a9HgAlg/z6QsE9nZvfs48EP0zpVllGaUZSIbvD5VfBW9E50Gms3woyyTyMXu3Te6oTDIE1WlGWWZSIf27pEJH6J3NIDVg1WWiUx2716gb6JHbig6yB+bH2WZTAp7WtDY+utIFEkGmwFEWQYMtit/lD6InXsAWA6bAURZhuuZHni74wa0wBhZRmlGWSbS2IcfB3hyOdAAVg9WWSY/a7kBx4N37vlzARR9QJRlEGBmAI5HgQgXH8C6PE5ZJrKz69TEXi1aYqIKYjMGIMtwX1C+0APAA9D+sgCs0oyyTGSi/4DG79zJsowerLJMpLM12BvauZ94AOvyOGWZPJiZ4Dp0AG65NADr8jhlmUhhfw30YHYbcw1ZxuVxyjKRwb59VGS/tK0CYJVmlGUiFT0gPJGPt/JlGT1YZZk82QaP0gsAbAABrMvjlGUiO3qU/vJXTpAnqi6PU5aJbPxROnblBB/AujxOWSZy8UfpqJUTbSVZRmlGWSbS2W+l45jXmwGwerDKMmvNWn5EbHQDHhcUwLo8TlkmUvhvpfP1V6Is4/I4ZZm8B9t4o/QDUHgSANblccoyYDBTeP+QlVEV8+BAaUZZxg99vygC0hkAVg9WWSaRil4SiSo9O+OOozSjLJPIhsZxN3qIzgewLo9Tlons5L/nB7oLPwlZRmlGWYaSju5QJnqIzgewSjPKMpFJxnEPhhn8OABWaUZZJpGXjOMapuzceVlGaUZZZjUwc5MQQgFUHDqAVZpRlok8ZBzXIWcpCVlGaUZZhpSGxnEHGsXxAazSjLJMpPJxHB/FUSeqfnFRWSay8XEcdikkH8AqzSjLRHY0jgNYcYMmy/jFRWWZRDrajgPcjN6VAazSjLJMZKLtOPT3WfgAVg9WWSbyrvcZtgaAGGlZRmlGWYYPZhC74yrSimMCWKUZZZnIQ8Zx5eMf9EaUZZRmlGUSaWQcN45vf9ALEsAqzSjLJFLJn3Io39aama6AbppRllkYzByfI4RK2n6RB7BKM8oyaGmmf3yZPBoSxXFlGSdsyjKRjp4dXt81TA0BYJVmlGU+ADPt05vFHMiBBBnAumlGWSZSkDgu8nzWIh95cqE0oyzDBDNcA2zMj6pMBwNYpRllmUQq2hM4ow5dTEiZl2WUZpRlsGBm/+w/8hqUDz0CAKzSjLJMIjebN57zAzpQsXxSaUZZJpmNPkHctkEFF3wAm1+qgY6yTCIXq28B5IXLMkozyjKJdBaJAGR+AGCVZpRlCDPjBPxeNj9W2QPYz/koyyDBDKBZBeTGyzJKM8oyiQzQHQWQlgewTtiUZfhgBmGIAPLAHoXSjLLMB2DmBZyXMVur/8sf+sfefZjpjcQwGF7lLHWg/ss8V3DPv+NI8kUFTiuD+EAOpYFOY1b30qA5GFFVmlGWaciZxXFbQwCLsCnLpAtmzje1hoYAVmlGWSZhMDNhaw0jDMKmLBMsmOmwtYYANno2Q2MipiSOu9sDWIRNWSZXMHNha0lsjdJMvf/f+jIeBltrIGz0JEqbxXFbQwCrNKMsk3Qt/S7P1va3lpGju5xr/aGlOlsbE1EGquZil1L3J7C1F2GrWRPryt+fuAsCRqWZcsXvtbUkVI6tPcXyRzreTOqL35+YywWwSjMlZ9W9FGzA1hC2qunzWDqOG4rWCO4vKrbecZUaWrA1hK3q/bStcBw3VQxglWZqJlJPqd88toawFWVM61I2jluXvOmE19Itore7uBlbQ9iwtaCayt6f2Cov9CBs5Q6tjHlbgdiatXRsrSGY6SuytbPoNg+2VpewLSu2hrBha/mDmRlbq9J+xtYqE7YDW7OWjq0VqD7v5diaq5jYWhZNBceXrVwAay3dIwZn/jgOW0PYPEs0lPM1fR221nBfCFvj4g5sDWHD1qJqLhbHdea1/yVs2BrCluKLV4qtIWzYWgNhW+ytIWzYWlRNpf4ojoa9NYStFltD2EZsrQBhw9YQtglbQ9iwtfwu7sbWEDZsLX8ws2FrBQib99YQtquGd3neNELYGtpgCNuJrSFs2FpUTUUii9G8hrB9VBFB2CKb2h1bQ9g+S5kRti1yzqwLibB98Gnn4mI3/1fzGsKWI3pq11yANz7YGsL2KUxC2JbVCSmETc09qu70IOIyryFsnyfMCNuIrSFsBWruCNuk5o6wqblH1ZB8n683ryFs3wFJXNzmeZYChE3NXTAz5K+5M3Jq7ghbH9yvmNc+uK2l5s7FLasTUghb/po7wjaruefRouZeTWNalD5Vn9cQNjX3hu7Y1+SEVH4jp+aOsN1q7nl0qrlzcTn+eOYWp4KwqbnrSV35a+6MnJo7wtYXqLkjbGruLhGs+WvuqlKuuetJzcH+HTfMa4ycmjsXd6i5I2xq7nG15AuoD/Oak1Ktn3Ynpe509Gh/GTlRHBcXdemnN68hbO2uVE/qcs1d4T20xreyrmTbAM/POBRGThTHxa2BfzvWkhG25a2tJ3RN2MUJhXef9o+0pkLpp3nt55yPKI6L212cQNhcnAirPZH36cxrCu8/SY0U3hcXJwoYORcnuLjZw4oIW1B1L71LljHn/Pw3QqMoTuE95p/W9AvmNUZOFMfFPY6/5jdyojgubhPFKbzHjeLoakDpojhxnOOv3iQUxbnw7vhr3KLJmieKo8vFiX9QqqOiOIV3x18tg2zp5zVxnChOkHV9e16jVRQXTdDUaV77ZYV3UZz7E1uBd5jcnxDFcXFD/iiOkRPFcXF9/iiOkRPFcXHLmj+KY+REcVzcnN+PMHKiOC7uCPMfk1acOK698MzFTZhBfiNnQZWLu7UAEukRxXFxUf7s9mYzQqtbcVxcFDfUm9fEcT7tH6sLGl2vSzswoMELqpZVYxCL2bMN4jif9m/ojNlBGH8mRaTOC6qWVSOg9Om3XLxj5OyzcHF7xLP0x0uVbsf5tP/8z8ytu5v/KQcQnYtb7LN4yqHAPouXVef8p2UYORCdizvtsyTSbp+lmtYl2sfyQVp+XgeIXk19tPFnA9HTb7aA6DZbBqQl/2YLiA6l90gLlC6UadAd6nu5Ii2eYfNpb9EU6kjkg7RA6flDGSh9s64IpQtlmvQE+tm5kBYonXPPfyTyVH+1le6GVKPOMEPQpCNlK10ok/9gy82520q3k5z+BNu6cO5qsHDqby+hjP+o9eDc1WD/Y+88sOwIYSBoEEFM+Nz/tA4HsL0THlvwmgtsYCSKVkuI3C9o2fQKRhO5i91F7gPcE5Fuc79A7lqHyF3sTnTHJSK5a6KUyN2th5hS+s8HmlI6QrEp2L0DUJNO7lbCJ6WU6r9ZM6UUuk3ewiZyz/246kg4uuPZvYGxA0DuXuJ+9RPtWew+q8/d+83SRTR6EJ3UAx1A7uVm4KRT7D6jzz3HJ2OvMoDdkRW2wCZ3Dw/6wdI2m+4un7s/tBbWwu5azACzDPBX7HWAU1ueGU41yNqcE3EO+ryeQBZmtvRcTnJ5Zm6vc84u393J17VMP9AD6Di/sOqmXtW7a3TA5JdQaB+/5w6HzMIVZvyCJkOL9KZH0W+s7UJix+35/gNtmmnYob9+Ibvj5JkoW9zQOAdE+gd9pBfscx1bm7lKdKq4NiDOUfd0Q9cyLkRTJ+36gPwuc1zl7zgp0skv3xRqevf28jebVWBjX9FzHVAbhGx5Ix/oFXU/H5DfdUkPpB3nSwyRe6QXanqPAO+HKuk2e2LcqMMCG7gIFJhRQs2ipir694uXO3bLC3de6Um6rg24pkuNqyjbFr/5zqhNBF6hEwj2Fewf0uIIfb1GhbiCHUCO+r0GiDMK9GMB10FzaKA3hx7ojeUT58O7RPcB4I6Cd4OWNCKU49ISMLop0BmlSIOS6DDHe4bGSF/DvG0KdMa/qjn0yhmYB2cCKO48eFeg8zv9PlRtKSM/xLTGXMVE8yJJdQ+rtOYkpNjZmNPDbJXOy6BAJyDcn7VTxSVDfod8jENpIFGTITGjsTu0zrIj06gvcg4e0PQOXHyEIykzmZiBDmaZwusyrRpVcyc4CfGAun6qA51IHcW7A+otmuxeltEsTyiNHsCDMy4THUGjpDBb3gbJDQ5lE+PpH22dJ8syZFKg2tfCQm/I8TLQCQ0Pg9WN9FTLRi2tXV8GZbgPT/Hq68xC7+pG/8Xefag/q8JgAA9DEPesHf+e3P9VfnsvQ01LHo+/OyD4BrBqSRp5u91p/kTe5r0Rd/ugEvrcgXp41ntxH4V1sAte0iI4X4czfne5d2+9oBsOQdqDHa3Qo20BMW7X7jziN8u5e5sENa0K9sEJ2bhP1zv+yaW70cci9Nxpxb0+qYWcavvTMOIfLN2bkE1pDjsRRGzcT3f8u+XaS9jGaWG/AuVB6NOjDRDNA/7d2E0S+ruCvXDJi9R3I64YpuTH9Aw2MNL2lCr9zue04IrznL6/BziW9DWGK+b0qNtEC3qCR3SV0GeGM88Uc3rUQ37ciiNQSWf8NCJR16c8fGbC/l3EwTZV0r/pmC9IdJ/o1eWXe9gPn6Wb8emMdMucsG1ZWcEqvNBnhjVpE4d045VS3eOEnmy/W7Eu5/RF3QndwmlZOQefp0rGvGCUc59qJ1fAvqg0nb0fMNblRki60Af8tLC/sasS9cMOY41zoqSXsDMmxU8s/QXxKXPuhM644su50P7u6N09zilJ0jXsjS9eP+O3EfFJc+6EzrgSlXP+Ojl6d481JEi6A9kEHNg0f86jkq6Efp9ci8o5+EJ+zmOSnh9feV5V5vJzHrOPy2V2ds2Tc5FJb/lzHpn0Mn/h/c4j6XnJn/PopJeZzB2c3VrmIsg8s+WaP+fRSfeGbz33sFOheF2F+hHxyUn3TuYdmbIQtc74mmn9K2HdBTfpYJ06zuevmfO8gfjOHm28wboq5xiPBWbeCbj+uKPRelg34EYn/kZK357sSbM5GnWAV8w4Lj0lUu1/W9Ue+FW5qOvPZpuXcwsEV9xqvL3mKjYBdi5sO+NkFihOuN1d0Hii+VrU9efbVyx/N8TX9Hfwjn9TKoaA9p5pILmNyOAKJNbwj4e5zAKuv9I8HgvlgaJfkMEAJMHxj2d39GOTXmgguiCHcQIaW4uL+Uc6MurOAzuGKjUeaDpk8QbUqOdHzNeU8UVyFqiuyOMMVKGNHk9t4el0EVHfAM8W2iy6ShqoZuQx9kDkm+jxGA3/N1VE1vNaeyCbRmRyihpPFnP9elEdNXvVMlPFZN00AeguyKQDujJmPAV9PPtSqjpfD7lRFqIMyGXp48bT1IRp/z4eIdnK2hK4MVSp8hDjimwmiBG0Kwjjaenj2aVgVWv+XChjWmUDxLohnw5iedu0xvy5oRunqgAJhKo1+Z9D7hr+lBOrVPy5So/Nej8imzNEs436y6xnplbVtxofSvtBoz5o7EceHnVGPmP/eAP7oFIfVfaDAKl5q5Uy3ylV2fRt/gOtPrLbqtQho/nxGn+kPtL2g+cF/DAjpw4OstEXdLozHMQbEPmX9INwHbKaIMZ79u3DyIEgBAIgIch7afLP8oP4M2u6U6CgYPaOHVyyrFt1gHsWdaq5GO15Fu37ZGHHmorRnryL5n1jkTPabXGjOyYWOVHc/5yrdbySRBw3k3MWd63G8cjiXtU7j+ie0m3untJl7s41wUzjuTvPxLkmmFnCp+hgh1Ny493F5kRXcuPdke5EV3LjPdUsvkpuvPsk0rEmjZPF+X5iAFFyn8uIZqQy/nAY0V2jS2WU3B4ng+2fRueo0WdzU3LjfTH3Yvh3Fo2u0b2qanQ0+h9792FbMQxDUVQjuHfvv2ZWSH4NyXNXMCS8Qspw0OGgw0GHgw4HHQ46HHQ46NVx0B10r4L+EwzMwMAMHHQYgYWlFlhqwWhN1Zqql919cvGrDNb17pPbbrDL5GH3up/8bvjPnK53n1wqI5pxvfvkzJpoJmAWh1sWJ5rx2nN+DoMTBqUMwDLpLHpKWHQmnUXn2Fj0fAw0HMdWxaJr0mk4jk2Lbq/FRou9FsGM/yyahFSwXa0W7Nre/j+4qgUzmKSvT6NtGVox2LWpBQCDYIZdo9xpd8FMOk7KnXZXqdLulDvtTrnL3Sl32n2MoNwxUe60u8zdzAzlLoQ1LUO7xwxlcJqWMe8ulBHCmnPPxy2UIeRsqEpghTJCWE1LBkZvyxBymhYJrMcHPDpi/JWKc7XHZOTXVOmudkJOiU7FKdEJOX4tHv3oai/IpkS3zORqJ+QMPafjFMWJ4/g1Kk4UJ44zOkHFaVliMvFrVJyrnZDj16g4A8/WHGwxBWSyoGpZlV/TsLnaCTkLqhmYjU38Ca+ObA0R2Y1NEHL8mobN2IRsRreWgVG3pmHTrQlmdGsaNgFsAiZeTcOmWxPM8GqyGQFsBk7dmscIBLCCmbReTTYjgDU0w6vJZgzLCGZ4tR/27sK4gRgAgGALmie9uf8qw0kPmdsrwbQi6/99S20BVgfQkW4BNtA0Vwt2Ar3WCM7VtFuAtdfikmek21ENkB6Yq+moga6tOFfTrC3AagE60u2oIt0/FQOkB0DXEpyradRA183iq+2WwI6qTqAj3REpxyeAHiId6EgHeol0oAdIDyy+agM60gOLr1pqZ551BzrSA0ekNIOga6mdedYBdKQHQNcEOtIDoCMd6EgPgK4JdKQHQEc60JEeAF0T6EgPgI50oCM9ALom0JEeAB3pQEd6AHRNoCM9ADrSgY70AOiaQEd6AHSkAx3pAdA1gY70AOhIBzrSA6DrDIKuxcUytXagI91NcUHS1wDoGq5+rbW7y90d7wHQdXo4C9JroCMd6BXSgV5rAXqwUdto0bYGn4eO9FnbaNERfMd1+/t9v0SGcbrP3gRdt8vrq0fne65jnMs1NlPTfZyP4V1/bw8OCAAAIBiA9W+tBfi2EQAAAAAAAAAAAAAAAAAAAAAAAAAAAAAAAAAAAAAAAAAAAAAAAAAAAAAAAAAAAAAAAAAAAAAAAAAAAAAAAAAAAAAAAAAAAAAAAAAAAAAAAAAAAAAAAAAAAAAAAAAAAAAAAAAAAAAAAAAAAAAAAAAAAAAAAAAAAAAAAAAAAAAABWwphC73moKeAAAAAElFTkSuQmCC">
    <h5>Footer Import</h5>
  </body>
</html>